// Jest Snapshot v1, https://goo.gl/fbAQLP

exports[`test CategorySelect component should render the component to match the snapshot 1`] = `ShallowWrapper {}`;
